../Core/Src/Max31856.c:7:6:begin	8	static
../Core/Src/Max31856.c:29:28:getConversionMode	4	static
../Core/Src/Max31856.c:33:6:setConversionMode	24	static
../Core/Src/Max31856.c:46:6:setThermocoupleType	24	static
../Core/Src/Max31856.c:53:29:getThermocoupleType	16	static
../Core/Src/Max31856.c:60:9:readFault	8	static
../Core/Src/Max31856.c:64:6:setColdJunctionFaultThreshholds	16	static
../Core/Src/Max31856.c:69:9:readRegister8	24	static
../Core/Src/Max31856.c:76:6:setNoiseFilter	24	static
../Core/Src/Max31856.c:86:6:setTempFaultThreshholds	24	static
../Core/Src/Max31856.c:102:6:triggerOneShot	16	static
../Core/Src/Max31856.c:114:6:conversionComplete	8	static
../Core/Src/Max31856.c:121:7:readCJTemperature	8	static
../Core/Src/Max31856.c:126:7:readThermocoupleTemperature	16	static
../Core/Src/Max31856.c:152:10:readRegister16	24	static
../Core/Src/Max31856.c:163:10:readRegister24	24	static
../Core/Src/Max31856.c:176:6:readRegisterN	16	static
../Core/Src/Max31856.c:185:6:writeRegister8	24	static
