../Core/Src/Max31856.c:7:6:MAX31856_Init	24	static
../Core/Src/Max31856.c:39:6:readRegisterN	24	static
../Core/Src/Max31856.c:56:6:writeRegister8	24	static
../Core/Src/Max31856.c:75:9:readRegister8	24	static
../Core/Src/Max31856.c:87:10:readRegister16	24	static
../Core/Src/Max31856.c:104:10:readRegister24	24	static
../Core/Src/Max31856.c:133:28:MAX31856_GetConversionMode	16	static
../Core/Src/Max31856.c:143:6:MAX31856_SetConversionMode	24	static
../Core/Src/Max31856.c:162:6:MAX31856_SetThermocoupleType	24	static
../Core/Src/Max31856.c:174:29:MAX31856_GetThermocoupleType	24	static
../Core/Src/Max31856.c:186:9:MAX31856_ReadFault	16	static
../Core/Src/Max31856.c:197:6:MAX31856_SetColdJunctionFaultThreshholds	16	static
../Core/Src/Max31856.c:208:6:MAX31856_SetNoiseFilter	24	static
../Core/Src/Max31856.c:225:6:MAX31856_SetTempFaultThreshholds	32	static
../Core/Src/Max31856.c:251:6:MAX31856_TriggerOneShot	24	static
../Core/Src/Max31856.c:267:6:MAX31856_ConversionComplete	16	static
../Core/Src/Max31856.c:280:7:MAX31856_ReadCJTemperature	16	static
../Core/Src/Max31856.c:291:7:MAX31856_ReadThermocoupleTemperature	24	static
