../Core/Src/Max31856.c:7:6:MAX31856_Init	24	static
../Core/Src/Max31856.c:42:6:readRegisterN	24	static
../Core/Src/Max31856.c:64:6:writeRegister8	24	static
../Core/Src/Max31856.c:87:9:readRegister8	24	static
../Core/Src/Max31856.c:99:10:readRegister16	24	static
../Core/Src/Max31856.c:116:10:readRegister24	24	static
../Core/Src/Max31856.c:145:28:MAX31856_GetConversionMode	16	static
../Core/Src/Max31856.c:156:6:MAX31856_SetConversionMode	24	static
../Core/Src/Max31856.c:175:6:MAX31856_SetThermocoupleType	24	static
../Core/Src/Max31856.c:187:29:MAX31856_GetThermocoupleType	24	static
../Core/Src/Max31856.c:199:9:MAX31856_ReadFault	16	static
../Core/Src/Max31856.c:210:6:MAX31856_SetColdJunctionFaultThreshholds	16	static
../Core/Src/Max31856.c:221:6:MAX31856_SetNoiseFilter	24	static
../Core/Src/Max31856.c:238:6:MAX31856_SetTempFaultThreshholds	32	static
../Core/Src/Max31856.c:264:6:MAX31856_TriggerOneShot	24	static
../Core/Src/Max31856.c:280:6:MAX31856_ConversionComplete	16	static
../Core/Src/Max31856.c:293:7:MAX31856_ReadCJTemperature	16	static
../Core/Src/Max31856.c:304:7:MAX31856_ReadThermocoupleTemperature	24	static
